lib/settings/settings_screen.dart(1507,33): error G4020727C: Not a constant expression. [D:\a\otzaria\otzaria\build\windows\x64\flutter\flutter_assemble.vcxproj]
lib/settings/settings_screen.dart(1507,41): error G38BEFAAB: Method invocation is not a constant expression. [D:\a\otzaria\otzaria\build\windows\x64\flutter\flutter_assemble.vcxproj]
lib/settings/settings_screen.dart(1512,33): error G4020727C: Not a constant expression. [D:\a\otzaria\otzaria\build\windows\x64\flutter\flutter_assemble.vcxproj]
lib/settings/settings_screen.dart(1512,41): error G38BEFAAB: Method invocation is not a constant expression. [D:\a\otzaria\otzaria\build\windows\x64\flutter\flutter_assemble.vcxproj]
lib/localization/app_strings.dart(264,53): error G8388A750: Constant evaluation error: [D:\a\otzaria\otzaria\build\windows\x64\flutter\flutter_assemble.vcxproj]
lib/localization/app_strings.dart(490,54): error G8388A750: Constant evaluation error: [D:\a\otzaria\otzaria\build\windows\x64\flutter\flutter_assemble.vcxproj]
C:\Program Files\Microsoft Visual Studio\2022\Enterprise\MSBuild\Microsoft\VC\v170\Microsoft.CppCommon.targets(254,5): error MSB8066: Custom build for 'D:\a\otzaria\otzaria\build\windows\x64\CMakeFiles\c7904100b64675fbc70765d0066c2226\flutter_windows.dll.rule;D:\a\otzaria\otzaria\build\windows\x64\CMakeFiles\d94be97e2900ae763f7f2d0d37f01d7d\flutter_assemble.rule;D:\a\otzaria\otzaria\windows\flutter\CMakeLists.txt' exited with code 1. [D:\a\otzaria\otzaria\build\windows\x64\flutter\flutter_assemble.vcxproj]